// Jest Snapshot v1, https://goo.gl/fbAQLP

exports[`valid component 1`] = `
Object {
  "template": Object {
    "hashKey": "dummyData",
    "src": "template.js",
    "type": "oc-template-es6",
  },
}
`;

exports[`valid component 2`] = `"var oc=oc||{};oc.components=oc.components||{};oc.components['dummyData']=function(model){ (()=>{var e={d:(o,t)=>{for(var r in t)e.o(t,r)&&!e.o(o,r)&&Object.defineProperty(o,r,{enumerable:!0,get:t[r]})},o:(e,o)=>Object.prototype.hasOwnProperty.call(e,o),r:e=>{\\"undefined\\"!==typeof Symbol&&Symbol.toStringTag&&Object.defineProperty(e,Symbol.toStringTag,{value:\\"Module\\"}),Object.defineProperty(e,\\"__esModule\\",{value:!0})}},o={};(()=>{\\"use strict\\";e.r(o),e.d(o,{default:()=>r});const t=\\"styles_awesome__HASH\\",r=({name:e})=>\`<div class=\${t}>Hello \${e.toUpperCase()}!</div>\`})(),module=o})();; return '' + module.default(model) + '<style>.styles_awesome__HASH{font-family:\\"Hiragino Sans\\",\\"ヒラギノ角ゴシック\\",\\"Hiragino Kaku Gothic ProN\\",\\"ヒラギノ角ゴ ProN W3\\",Roboto,\\"Droid Sans\\",\\"游ゴシック\\",YuGothic,\\"メイリオ\\",Meiryo,sans-serif;background:#db7093}</style><script>window.oc = window.oc || {};oc.cmd = oc.cmd || [];oc.cmd.push(function(oc){oc.events.fire(\\\\'oc:cssDidMount\\\\', \\\\'.styles_awesome__HASH{font-family:\\"Hiragino Sans\\",\\"ヒラギノ角ゴシック\\",\\"Hiragino Kaku Gothic ProN\\",\\"ヒラギノ角ゴ ProN W3\\",Roboto,\\"Droid Sans\\",\\"游ゴシック\\",YuGothic,\\"メイリオ\\",Meiryo,sans-serif;background:#db7093}\\\\');});</script>' }"`;
