// Jest Snapshot v1, https://goo.gl/fbAQLP

exports[`Should correctly compile the server 1`] = `
Object {
  "hashKey": "dummyHashData",
  "src": "server.js",
  "type": "node.js",
}
`;

exports[`Should correctly compile the server 2`] = `"(()=>{\\"use strict\\";var e={793:e=>{e.exports=require(\\"lodash\\")}},r={};function o(t){var n=r[t];if(void 0!==n)return n.exports;var a=r[t]={exports:{}};return e[t](a,a.exports,o),a.exports}o.d=(e,r)=>{for(var t in r)o.o(r,t)&&!o.o(e,t)&&Object.defineProperty(e,t,{enumerable:!0,get:r[t]})},o.o=(e,r)=>Object.prototype.hasOwnProperty.call(e,r),o.r=e=>{\\"undefined\\"!==typeof Symbol&&Symbol.toStringTag&&Object.defineProperty(e,Symbol.toStringTag,{value:\\"Module\\"}),Object.defineProperty(e,\\"__esModule\\",{value:!0})};var t={};(()=>{o.r(t),o.d(t,{data:()=>e});o(793);const e=(e,r)=>r(null,{})})(),module.exports=t})();"`;

exports[`When server writing fails should return error 1`] = `"sorry I failed"`;
